00:00 +0: loading /home/parth/Desktop/Projects/rug/test/widget_test.dart
00:00 +0: RUGApp boots successfully
══╡ EXCEPTION CAUGHT BY FLUTTER TEST FRAMEWORK ╞════════════════════════════════════════════════════
The following LateError was thrown running a test:
LateInitializationError: Field '_logger@459487494' has not been initialized.

When the exception was thrown, this was the stack:
#0      AppLogger._logger (package:rug/services/logging/app_logger.dart)
#1      AppLogger.error (package:rug/services/logging/app_logger.dart:49:19)
#2      ScreenTrackerService.trackScreen (package:rug/services/device/screen_tracker_service.dart:65:17)
#3      ScreenTrackerObserver._sendScreenTrack (package:rug/routes/app_router.dart:480:35)
#4      ScreenTrackerObserver._processRoute (package:rug/routes/app_router.dart:471:11)
#5      ScreenTrackerObserver.didPush (package:rug/routes/app_router.dart:430:5)
#6      _NavigatorPushObservation.notify (package:flutter/src/widgets/navigator.dart:3609:14)
#7      List.forEach (dart:core-patch/growable_array.dart:428:8)
#8      NavigatorState._flushObserverNotifications (package:flutter/src/widgets/navigator.dart:4601:27)
#9      NavigatorState._flushHistoryUpdates (package:flutter/src/widgets/navigator.dart:4557:5)
#10     NavigatorState.restoreState (package:flutter/src/widgets/navigator.dart:3906:5)
#11     RestorationMixin._doRestore (package:flutter/src/widgets/restoration.dart:929:5)
#12     RestorationMixin.didChangeDependencies (package:flutter/src/widgets/restoration.dart:915:7)
#13     NavigatorState.didChangeDependencies (package:flutter/src/widgets/navigator.dart:3930:11)
#14     StatefulElement._firstBuild (package:flutter/src/widgets/framework.dart:5968:11)
#15     ComponentElement.mount (package:flutter/src/widgets/framework.dart:5793:5)
...     Normal element mounting (429 frames)
#444    ConsumerStatefulElement.mount (package:flutter_riverpod/src/core/consumer.dart:389:11)
...     Normal element mounting (23 frames)
#467    Element.inflateWidget (package:flutter/src/widgets/framework.dart:4587:20)
#468    Element.updateChild (package:flutter/src/widgets/framework.dart:4053:20)
#469    ComponentElement.performRebuild (package:flutter/src/widgets/framework.dart:5841:16)
#470    Element.rebuild (package:flutter/src/widgets/framework.dart:5529:7)
#471    ProxyElement.update (package:flutter/src/widgets/framework.dart:6149:5)
#472    _InheritedNotifierElement.update (package:flutter/src/widgets/inherited_notifier.dart:108:11)
#473    Element.updateChild (package:flutter/src/widgets/framework.dart:4037:15)
#474    ComponentElement.performRebuild (package:flutter/src/widgets/framework.dart:5841:16)
#475    StatefulElement.performRebuild (package:flutter/src/widgets/framework.dart:5982:11)
#476    Element.rebuild (package:flutter/src/widgets/framework.dart:5529:7)
#477    StatefulElement.update (package:flutter/src/widgets/framework.dart:6007:5)
#478    Element.updateChild (package:flutter/src/widgets/framework.dart:4037:15)
#479    ComponentElement.performRebuild (package:flutter/src/widgets/framework.dart:5841:16)
#480    Element.rebuild (package:flutter/src/widgets/framework.dart:5529:7)
#481    ProxyElement.update (package:flutter/src/widgets/framework.dart:6149:5)
#482    _InheritedNotifierElement.update (package:flutter/src/widgets/inherited_notifier.dart:108:11)
#483    Element.updateChild (package:flutter/src/widgets/framework.dart:4037:15)
#484    ComponentElement.performRebuild (package:flutter/src/widgets/framework.dart:5841:16)
#485    StatefulElement.performRebuild (package:flutter/src/widgets/framework.dart:5982:11)
#486    Element.rebuild (package:flutter/src/widgets/framework.dart:5529:7)
#487    StatefulElement.update (package:flutter/src/widgets/framework.dart:6007:5)
#488    Element.updateChild (package:flutter/src/widgets/framework.dart:4037:15)
#489    ComponentElement.performRebuild (package:flutter/src/widgets/framework.dart:5841:16)
#490    StatefulElement.performRebuild (package:flutter/src/widgets/framework.dart:5982:11)
#491    Element.rebuild (package:flutter/src/widgets/framework.dart:5529:7)
#492    StatefulElement.update (package:flutter/src/widgets/framework.dart:6007:5)
#493    Element.updateChild (package:flutter/src/widgets/framework.dart:4037:15)
#494    ComponentElement.performRebuild (package:flutter/src/widgets/framework.dart:5841:16)
#495    Element.rebuild (package:flutter/src/widgets/framework.dart:5529:7)
#496    ProxyElement.update (package:flutter/src/widgets/framework.dart:6149:5)
#497    Element.updateChild (package:flutter/src/widgets/framework.dart:4037:15)
#498    ComponentElement.performRebuild (package:flutter/src/widgets/framework.dart:5841:16)
#499    StatefulElement.performRebuild (package:flutter/src/widgets/framework.dart:5982:11)
#500    Element.rebuild (package:flutter/src/widgets/framework.dart:5529:7)
#501    StatefulElement.update (package:flutter/src/widgets/framework.dart:6007:5)
#502    Element.updateChild (package:flutter/src/widgets/framework.dart:4037:15)
#503    ComponentElement.performRebuild (package:flutter/src/widgets/framework.dart:5841:16)
#504    Element.rebuild (package:flutter/src/widgets/framework.dart:5529:7)
#505    ProxyElement.update (package:flutter/src/widgets/framework.dart:6149:5)
#506    Element.updateChild (package:flutter/src/widgets/framework.dart:4037:15)
#507    ComponentElement.performRebuild (package:flutter/src/widgets/framework.dart:5841:16)
#508    Element.rebuild (package:flutter/src/widgets/framework.dart:5529:7)
#509    ProxyElement.update (package:flutter/src/widgets/framework.dart:6149:5)
#510    Element.updateChild (package:flutter/src/widgets/framework.dart:4037:15)
#511    _RawViewElement._updateChild (package:flutter/src/widgets/view.dart:481:16)
#512    _RawViewElement.update (package:flutter/src/widgets/view.dart:568:5)
#513    Element.updateChild (package:flutter/src/widgets/framework.dart:4037:15)
#514    ComponentElement.performRebuild (package:flutter/src/widgets/framework.dart:5841:16)
#515    Element.rebuild (package:flutter/src/widgets/framework.dart:5529:7)
#516    StatelessElement.update (package:flutter/src/widgets/framework.dart:5895:5)
#517    Element.updateChild (package:flutter/src/widgets/framework.dart:4037:15)
#518    ComponentElement.performRebuild (package:flutter/src/widgets/framework.dart:5841:16)
#519    StatefulElement.performRebuild (package:flutter/src/widgets/framework.dart:5982:11)
#520    Element.rebuild (package:flutter/src/widgets/framework.dart:5529:7)
#521    StatefulElement.update (package:flutter/src/widgets/framework.dart:6007:5)
#522    Element.updateChild (package:flutter/src/widgets/framework.dart:4037:15)
#523    RootElement._rebuild (package:flutter/src/widgets/binding.dart:2091:16)
#524    RootElement.update (package:flutter/src/widgets/binding.dart:2069:5)
#525    RootElement.performRebuild (package:flutter/src/widgets/binding.dart:2083:7)
#526    Element.rebuild (package:flutter/src/widgets/framework.dart:5529:7)
#527    BuildScope._tryRebuild (package:flutter/src/widgets/framework.dart:2750:15)
#528    BuildScope._flushDirtyElements (package:flutter/src/widgets/framework.dart:2807:11)
#529    BuildOwner.buildScope (package:flutter/src/widgets/framework.dart:3111:18)
#530    AutomatedTestWidgetsFlutterBinding.drawFrame (package:flutter_test/src/binding.dart:2431:19)
#531    RendererBinding._handlePersistentFrameCallback (package:flutter/src/rendering/binding.dart:509:5)
#532    SchedulerBinding._invokeFrameCallback (package:flutter/src/scheduler/binding.dart:1430:15)
#533    SchedulerBinding.handleDrawFrame (package:flutter/src/scheduler/binding.dart:1345:9)
#534    AutomatedTestWidgetsFlutterBinding.pump.<anonymous closure> (package:flutter_test/src/binding.dart:2260:9)
#537    TestAsyncUtils.guard (package:flutter_test/src/test_async_utils.dart:74:41)
#538    AutomatedTestWidgetsFlutterBinding.pump (package:flutter_test/src/binding.dart:2249:27)
#539    WidgetTester.pumpWidget.<anonymous closure> (package:flutter_test/src/widget_tester.dart:598:22)
#542    TestAsyncUtils.guard (package:flutter_test/src/test_async_utils.dart:74:41)
#543    WidgetTester.pumpWidget (package:flutter_test/src/widget_tester.dart:595:27)
#544    main.<anonymous closure> (file:///home/parth/Desktop/Projects/rug/test/widget_test.dart:9:18)
#545    testWidgets.<anonymous closure>.<anonymous closure> (package:flutter_test/src/widget_tester.dart:192:29)
<asynchronous suspension>
#546    TestWidgetsFlutterBinding._runTestBody (package:flutter_test/src/binding.dart:1952:5)
<asynchronous suspension>
<asynchronous suspension>
(elided 5 frames from dart:async and package:stack_trace)

The test description was:
  RUGApp boots successfully
════════════════════════════════════════════════════════════════════════════════════════════════════
00:01 +0 -1: RUGApp boots successfully [E]
  Test failed. See exception logs above.
  The test description was: RUGApp boots successfully
  
00:01 +0 -1: splash deal animation completes without framework errors
══╡ EXCEPTION CAUGHT BY FLUTTER TEST FRAMEWORK ╞════════════════════════════════════════════════════
The following LateError was thrown running a test:
LateInitializationError: Field '_logger@459487494' has not been initialized.

When the exception was thrown, this was the stack:
#0      AppLogger._logger (package:rug/services/logging/app_logger.dart)
#1      AppLogger.error (package:rug/services/logging/app_logger.dart:49:19)
#2      ScreenTrackerService.trackScreen (package:rug/services/device/screen_tracker_service.dart:65:17)
#3      ScreenTrackerObserver._sendScreenTrack (package:rug/routes/app_router.dart:480:35)
#4      ScreenTrackerObserver._processRoute (package:rug/routes/app_router.dart:471:11)
#5      ScreenTrackerObserver.didPush (package:rug/routes/app_router.dart:430:5)
#6      _NavigatorPushObservation.notify (package:flutter/src/widgets/navigator.dart:3609:14)
#7      List.forEach (dart:core-patch/growable_array.dart:428:8)
#8      NavigatorState._flushObserverNotifications (package:flutter/src/widgets/navigator.dart:4601:27)
#9      NavigatorState._flushHistoryUpdates (package:flutter/src/widgets/navigator.dart:4557:5)
#10     NavigatorState.restoreState (package:flutter/src/widgets/navigator.dart:3906:5)
#11     RestorationMixin._doRestore (package:flutter/src/widgets/restoration.dart:929:5)
#12     RestorationMixin.didChangeDependencies (package:flutter/src/widgets/restoration.dart:915:7)
#13     NavigatorState.didChangeDependencies (package:flutter/src/widgets/navigator.dart:3930:11)
#14     StatefulElement._firstBuild (package:flutter/src/widgets/framework.dart:5968:11)
#15     ComponentElement.mount (package:flutter/src/widgets/framework.dart:5793:5)
...     Normal element mounting (429 frames)
#444    ConsumerStatefulElement.mount (package:flutter_riverpod/src/core/consumer.dart:389:11)
...     Normal element mounting (23 frames)
#467    Element.inflateWidget (package:flutter/src/widgets/framework.dart:4587:20)
#468    Element.updateChild (package:flutter/src/widgets/framework.dart:4053:20)
#469    ComponentElement.performRebuild (package:flutter/src/widgets/framework.dart:5841:16)
#470    Element.rebuild (package:flutter/src/widgets/framework.dart:5529:7)
#471    ProxyElement.update (package:flutter/src/widgets/framework.dart:6149:5)
#472    _InheritedNotifierElement.update (package:flutter/src/widgets/inherited_notifier.dart:108:11)
#473    Element.updateChild (package:flutter/src/widgets/framework.dart:4037:15)
#474    ComponentElement.performRebuild (package:flutter/src/widgets/framework.dart:5841:16)
#475    StatefulElement.performRebuild (package:flutter/src/widgets/framework.dart:5982:11)
#476    Element.rebuild (package:flutter/src/widgets/framework.dart:5529:7)
#477    StatefulElement.update (package:flutter/src/widgets/framework.dart:6007:5)
#478    Element.updateChild (package:flutter/src/widgets/framework.dart:4037:15)
#479    ComponentElement.performRebuild (package:flutter/src/widgets/framework.dart:5841:16)
#480    Element.rebuild (package:flutter/src/widgets/framework.dart:5529:7)
#481    ProxyElement.update (package:flutter/src/widgets/framework.dart:6149:5)
#482    _InheritedNotifierElement.update (package:flutter/src/widgets/inherited_notifier.dart:108:11)
#483    Element.updateChild (package:flutter/src/widgets/framework.dart:4037:15)
#484    ComponentElement.performRebuild (package:flutter/src/widgets/framework.dart:5841:16)
#485    StatefulElement.performRebuild (package:flutter/src/widgets/framework.dart:5982:11)
#486    Element.rebuild (package:flutter/src/widgets/framework.dart:5529:7)
#487    StatefulElement.update (package:flutter/src/widgets/framework.dart:6007:5)
#488    Element.updateChild (package:flutter/src/widgets/framework.dart:4037:15)
#489    ComponentElement.performRebuild (package:flutter/src/widgets/framework.dart:5841:16)
#490    StatefulElement.performRebuild (package:flutter/src/widgets/framework.dart:5982:11)
#491    Element.rebuild (package:flutter/src/widgets/framework.dart:5529:7)
#492    StatefulElement.update (package:flutter/src/widgets/framework.dart:6007:5)
#493    Element.updateChild (package:flutter/src/widgets/framework.dart:4037:15)
#494    ComponentElement.performRebuild (package:flutter/src/widgets/framework.dart:5841:16)
#495    Element.rebuild (package:flutter/src/widgets/framework.dart:5529:7)
#496    ProxyElement.update (package:flutter/src/widgets/framework.dart:6149:5)
#497    Element.updateChild (package:flutter/src/widgets/framework.dart:4037:15)
#498    ComponentElement.performRebuild (package:flutter/src/widgets/framework.dart:5841:16)
#499    StatefulElement.performRebuild (package:flutter/src/widgets/framework.dart:5982:11)
#500    Element.rebuild (package:flutter/src/widgets/framework.dart:5529:7)
#501    StatefulElement.update (package:flutter/src/widgets/framework.dart:6007:5)
#502    Element.updateChild (package:flutter/src/widgets/framework.dart:4037:15)
#503    ComponentElement.performRebuild (package:flutter/src/widgets/framework.dart:5841:16)
#504    Element.rebuild (package:flutter/src/widgets/framework.dart:5529:7)
#505    ProxyElement.update (package:flutter/src/widgets/framework.dart:6149:5)
#506    Element.updateChild (package:flutter/src/widgets/framework.dart:4037:15)
#507    ComponentElement.performRebuild (package:flutter/src/widgets/framework.dart:5841:16)
#508    Element.rebuild (package:flutter/src/widgets/framework.dart:5529:7)
#509    ProxyElement.update (package:flutter/src/widgets/framework.dart:6149:5)
#510    Element.updateChild (package:flutter/src/widgets/framework.dart:4037:15)
#511    _RawViewElement._updateChild (package:flutter/src/widgets/view.dart:481:16)
#512    _RawViewElement.update (package:flutter/src/widgets/view.dart:568:5)
#513    Element.updateChild (package:flutter/src/widgets/framework.dart:4037:15)
#514    ComponentElement.performRebuild (package:flutter/src/widgets/framework.dart:5841:16)
#515    Element.rebuild (package:flutter/src/widgets/framework.dart:5529:7)
#516    StatelessElement.update (package:flutter/src/widgets/framework.dart:5895:5)
#517    Element.updateChild (package:flutter/src/widgets/framework.dart:4037:15)
#518    ComponentElement.performRebuild (package:flutter/src/widgets/framework.dart:5841:16)
#519    StatefulElement.performRebuild (package:flutter/src/widgets/framework.dart:5982:11)
#520    Element.rebuild (package:flutter/src/widgets/framework.dart:5529:7)
#521    StatefulElement.update (package:flutter/src/widgets/framework.dart:6007:5)
#522    Element.updateChild (package:flutter/src/widgets/framework.dart:4037:15)
#523    RootElement._rebuild (package:flutter/src/widgets/binding.dart:2091:16)
#524    RootElement.update (package:flutter/src/widgets/binding.dart:2069:5)
#525    RootElement.performRebuild (package:flutter/src/widgets/binding.dart:2083:7)
#526    Element.rebuild (package:flutter/src/widgets/framework.dart:5529:7)
#527    BuildScope._tryRebuild (package:flutter/src/widgets/framework.dart:2750:15)
#528    BuildScope._flushDirtyElements (package:flutter/src/widgets/framework.dart:2807:11)
#529    BuildOwner.buildScope (package:flutter/src/widgets/framework.dart:3111:18)
#530    AutomatedTestWidgetsFlutterBinding.drawFrame (package:flutter_test/src/binding.dart:2431:19)
#531    RendererBinding._handlePersistentFrameCallback (package:flutter/src/rendering/binding.dart:509:5)
#532    SchedulerBinding._invokeFrameCallback (package:flutter/src/scheduler/binding.dart:1430:15)
#533    SchedulerBinding.handleDrawFrame (package:flutter/src/scheduler/binding.dart:1345:9)
#534    AutomatedTestWidgetsFlutterBinding.pump.<anonymous closure> (package:flutter_test/src/binding.dart:2260:9)
#537    TestAsyncUtils.guard (package:flutter_test/src/test_async_utils.dart:74:41)
#538    AutomatedTestWidgetsFlutterBinding.pump (package:flutter_test/src/binding.dart:2249:27)
#539    WidgetTester.pumpWidget.<anonymous closure> (package:flutter_test/src/widget_tester.dart:598:22)
#542    TestAsyncUtils.guard (package:flutter_test/src/test_async_utils.dart:74:41)
#543    WidgetTester.pumpWidget (package:flutter_test/src/widget_tester.dart:595:27)
#544    main.<anonymous closure> (file:///home/parth/Desktop/Projects/rug/test/widget_test.dart:18:18)
#545    testWidgets.<anonymous closure>.<anonymous closure> (package:flutter_test/src/widget_tester.dart:192:29)
<asynchronous suspension>
#546    TestWidgetsFlutterBinding._runTestBody (package:flutter_test/src/binding.dart:1952:5)
<asynchronous suspension>
<asynchronous suspension>
(elided 5 frames from dart:async and package:stack_trace)

The test description was:
  splash deal animation completes without framework errors
════════════════════════════════════════════════════════════════════════════════════════════════════
00:01 +0 -2: splash deal animation completes without framework errors [E]
  Test failed. See exception logs above.
  The test description was: splash deal animation completes without framework errors
  
00:01 +0 -2: Some tests failed.

Failing tests:
  /home/parth/Desktop/Projects/rug/test/widget_test.dart: RUGApp boots successfully
  /home/parth/Desktop/Projects/rug/test/widget_test.dart: splash deal animation completes without framework errors
